✔ [4928/5082] Built NavierStokes.R3.ScalarEnergyBound (5.2s)
✔ [5757/5980] Built NavierStokes.ProblemStatement (7.3s)
✔ [5758/5980] Built NavierStokes.R3.ComparisonGronwall (6.8s)
✔ [5759/5980] Built NavierStokes.R3.TemporalTestUniqueness (6.6s)
✔ [5760/5980] Built NavierStokes.R3.HilbertFunctionalExtension (6.6s)
✔ [6281/6474] Built NavierStokes.R3.ComparisonYoung (7.0s)
✔ [7402/7585] Built NavierStokes.R3.CompactForceBound (3.1s)
✔ [7759/7885] Built NavierStokes.R3.ProblemStatement (3.5s)
✔ [8601/8752] Built NavierStokes.PeriodicIntegration (5.2s)
✔ [8771/8839] Built NavierStokes.R3.ComparisonRateBound (4.0s)
✔ [8772/8839] Built NavierStokes.R3.CompactTimeIntegral (5.4s)
✔ [8773/8844] Built NavierStokes.R3.CompactSchwartz (7.5s)
✔ [8774/8847] Built NavierStokes.DiagonalScale (6.4s)
✔ [8775/8857] Built NavierStokes.PeriodicLocalization (6.0s)
✔ [8776/8857] Built NavierStokes.SmoothCutoffs (7.1s)
✔ [8777/8857] Built NavierStokes.PeriodicUniqueness (11s)
✔ [8778/8857] Built NavierStokes.ResidualRegularity (9.4s)
✔ [8779/8857] Built NavierStokes.SpatialCurl (11s)
✔ [8780/8857] Built NavierStokes.CompactForceDecay (7.8s)
✔ [8781/8857] Built NavierStokes.ResidualCalculus (8.8s)
✔ [8782/8857] Built NavierStokes.BorelExtension (8.7s)
✔ [8783/8857] Built NavierStokes.R3.ComparisonSetup (5.8s)
✔ [8784/8857] Built NavierStokes.ComparatorDefinitions (17s)
✔ [8785/8857] Built NavierStokes.TimeLocalization (5.6s)
✔ [8786/8857] Built NavierStokes.SolenoidalDiagonal (7.6s)
✔ [8787/8857] Built NavierStokes.AxisymmetricFields (9.2s)
✔ [8788/8857] Built NavierStokes.R3.RadialKernelBounds (8.1s)
✔ [8789/8857] Built NavierStokes.SpacetimeEndpoint (24s)
✔ [8790/8857] Built NavierStokes.R3.CompactEnergy (10s)
✔ [8791/8857] Built NavierStokes.R3.PairedKernelBound (9.9s)
✔ [8792/8857] Built NavierStokes.R3.HeatKernelCancellation (6.0s)
✔ [8793/8857] Built NavierStokes.R3.GradientOperator (4.8s)
✔ [8794/8857] Built NavierStokes.R3.ComparisonFourierSetup (6.1s)
✔ [8795/8857] Built NavierStokes.SpatialBorelExtension (14s)
✔ [8796/8857] Built NavierStokes.R3.LpNormTools (5.5s)
✔ [8797/8857] Built NavierStokes.R3.HeatKernel (9.8s)
✔ [8798/8857] Built NavierStokes.R3.WeightedInterpolation (7.8s)
✔ [8799/8857] Built NavierStokes.R3.ComparisonCutoffs (8.0s)
✔ [8800/8857] Built NavierStokes.R3.LocalizedTransport (5.7s)
✔ [8801/8857] Built NavierStokes.R3.ConservativeDifference (10s)
✔ [8802/8857] Built NavierStokes.PastExtension (10s)
✔ [8803/8857] Built NavierStokes.R3.LocalizedLaplacian (10s)
✔ [8804/8857] Built NavierStokes.R3.HeatKernelFubini (7.9s)
✔ [8805/8857] Built NavierStokes.JointResidualLimits (14s)
✔ [8806/8857] Built NavierStokes.ComparatorBridge (16s)
✔ [8807/8857] Built NavierStokes.AxisymmetricResidual (16s)
✔ [8808/8857] Built NavierStokes.SpacetimeGluing (9.8s)
✔ [8809/8857] Built NavierStokes.R3.FourierConvolution (5.7s)
✔ [8810/8857] Built NavierStokes.R3.WeakFourierUniqueness (6.4s)
✔ [8811/8857] Built NavierStokes.R3.SchwartzParseval (6.5s)
✔ [8812/8857] Built NavierStokes.R3.GaussianMoments (6.4s)
✔ [8813/8857] Built NavierStokes.R3.HeatKernelTimeBound (6.6s)
✔ [8814/8860] Built NavierStokes.R3.ComparisonFiniteEnergy (8.3s)
✔ [8815/8860] Built NavierStokes.R3.RieszSymbolRegularity (10s)
✔ [8816/8860] Built NavierStokes.R3.FourierSobolevWeights (13s)
✔ [8817/8860] Built NavierStokes.R3.WeightedSobolev (9.0s)
✔ [8818/8860] Built NavierStokes.R3.FourierTestDerivatives (10s)
✔ [8819/8860] Built NavierStokes.R3.SchwartzCompactApproximation (8.7s)
✔ [8820/8860] Built NavierStokes.R3.WeakTimeContinuity (6.3s)
✔ [8821/8860] Built NavierStokes.R3.SmoothSobolevL6 (7.4s)
✔ [8822/8860] Built NavierStokes.R3.PressureTemporalIdentity (6.9s)
✔ [8823/8860] Built NavierStokes.R3.LocalizedDifferenceEnergy (8.1s)
✔ [8824/8860] Built NavierStokes.R3.HeatKernelPairedBound (6.0s)
✔ [8825/8862] Built NavierStokes.ComparatorR3Bridge (11s)
✔ [8826/8862] Built NavierStokes.LocalAxisymmetricResidual (11s)
✔ [8827/8862] Built NavierStokes.R3.CompactComparisonBounds (8.3s)
✔ [8828/8862] Built NavierStokes.CompactSpatialForceDecay (13s)
✔ [8829/8862] Built NavierStokes.RadialAlias (7.4s)
✔ [8830/8862] Built NavierStokes.CandidateFromLimits (14s)
✔ [8831/8862] Built NavierStokes.R3.ComparisonTimeAverages (12s)
✔ [8832/8862] Built NavierStokes.R3.RieszLinearityDecay (7.7s)
✔ [8833/8862] Built NavierStokes.R3.RieszHeatRepresentation (9.3s)
✔ [8834/8862] Built NavierStokes.R3.RieszPairing (7.6s)
✔ [8835/8862] Built NavierStokes.R3.LocalizedTensorBounds (7.0s)
✔ [8836/8862] Built NavierStokes.R3.PressureRecoveryHelpers (6.8s)
✔ [8837/8862] Built NavierStokes.R3.WholeSpaceEnergyLimit (6.2s)
✔ [8838/8866] Built NavierStokes.R3.HarmonicTestFunctionals (8.4s)
✔ [8839/8870] Built NavierStokes.R3.PressureFluxTest (13s)
✔ [8840/8872] Built NavierStokes.R3.LocalizedFluxEstimates (8.5s)
✔ [8841/8872] Built NavierStokes.JetBounds (10s)
✔ [8842/8872] Built NavierStokes.R3.PressureTestBounds (15s)
✔ [8843/8872] Built NavierStokes.DiophantineGraph (8.2s)
✔ [8844/8872] Built NavierStokes.SlotGeometry (10s)
✔ [8845/8872] Built NavierStokes.Scaling (9.4s)
✔ [8846/8872] Built NavierStokes.Flatness (8.1s)
✔ [8847/8874] Built NavierStokes.R3.RieszL2Bounds (14s)
✔ [8848/8875] Built NavierStokes.R3.WholeSpaceComparisonClosure (12s)
✔ [8849/8877] Built NavierStokes.WeightedClasses (12s)
✔ [8850/8877] Built NavierStokes.SlotColoring (9.2s)
✔ [8851/8877] Built NavierStokes.FlatCutoff (6.5s)
✔ [8852/8878] Built NavierStokes.TransportPrimitive (24s)
✔ [8853/8884] Built NavierStokes.TorusInverse (12s)
✔ [8854/8884] Built NavierStokes.ChartScales (5.5s)
✔ [8855/8887] Built NavierStokes.FlatKernelBounds (7.0s)
✔ [8856/8887] Built NavierStokes.CylindricalResidual (33s)
✔ [8857/8887] Built NavierStokes.R3.PressureFunctionals (20s)
✔ [8858/8888] Built NavierStokes.R3.RieszTestOperators (18s)
✔ [8859/8888] Built NavierStokes.FlatPrimitive (8.0s)
✔ [8860/8891] Built NavierStokes.SmoothParameterIntegral (13s)
✔ [8861/8891] Built NavierStokes.ParametricKernelBounds (9.5s)
✔ [8862/8891] Built NavierStokes.ConeAlgebra (10s)
✔ [8863/8891] Built NavierStokes.SpatialLocalization (10s)
✔ [8864/8892] Built NavierStokes.R3.PressureFluxIdentity (11s)
✔ [8865/8892] Built NavierStokes.R3.PressureRecovery (11s)
✔ [8866/8892] Built NavierStokes.R3.HeatKernelFourier (10s)
✔ [8867/8894] Built NavierStokes.FlatPrimitiveFactor (7.8s)
✔ [8868/8894] Built NavierStokes.PhaseCalculus (9.4s)
✔ [8869/8894] Built NavierStokes.GraphCalculus (6.7s)
✔ [8870/8896] Built NavierStokes.MeanResidual (20s)
✔ [8871/8897] Built NavierStokes.UniformCone (6.2s)
✔ [8872/8903] Built NavierStokes.R3.ActualPressureFlux (5.4s)
✔ [8873/8903] Built NavierStokes.R3.HeatKernelCommutator (5.6s)
✔ [8874/8903] Built NavierStokes.LoopMoments (5.0s)
✔ [8875/8903] Built NavierStokes.Covariance (5.9s)
✔ [8876/8907] Built NavierStokes.PeriodicResidualLimits (11s)
✔ [8877/8907] Built NavierStokes.PulseGrowth (5.4s)
✔ [8878/8907] Built NavierStokes.SmoothFourierData (33s)
✔ [8879/8907] Built NavierStokes.ParametricFlatFactor (9.7s)
✔ [8880/8907] Built NavierStokes.HarmonicCalculus (12s)
✔ [8881/8907] Built NavierStokes.SmoothCovariance (6.6s)
✔ [8882/8907] Built NavierStokes.SmoothLoop (8.0s)
✔ [8883/8907] Built NavierStokes.PowerMomentMatrix (6.5s)
✔ [8884/8909] Built NavierStokes.MomentRepair (8.0s)
✔ [8885/8909] Built NavierStokes.GaussianEnvelope (11s)
✔ [8886/8913] Built NavierStokes.R3.PressureFlux (19s)
✔ [8887/8915] Built NavierStokes.R3CompactCandidate (16s)
✔ [8888/8915] Built NavierStokes.FlatCovariance (9.5s)
✔ [8889/8918] Built NavierStokes.HarmonicFields (10s)
✔ [8890/8922] Built NavierStokes.LocalizedMomentRepair (8.5s)
✔ [8891/8922] Built NavierStokes.ParametricTorusInverse (13s)
✔ [8892/8922] Built NavierStokes.WeightedRadialPrimitive (14s)
✔ [8893/8923] Built NavierStokes.R3.WholeSpaceUniqueness (5.8s)
✔ [8894/8923] Built NavierStokes.SimilarityCoordinates (11s)
✔ [8895/8923] Built NavierStokes.ParametricRephase (12s)
✔ [8896/8923] Built NavierStokes.OutgoingSchedule (13s)
✔ [8897/8924] Built NavierStokes.FiveRowRank (12s)
✔ [8898/8924] Built NavierStokes.PulseCovariance (16s)
✔ [8899/8924] Built NavierStokes.RadialSchedule (12s)
✔ [8900/8924] Built NavierStokes.FourierAlias (14s)
✔ [8901/8924] Built NavierStokes.SmoothMomentRepair (24s)
✔ [8902/8924] Built NavierStokes.R3FiniteEnergyComparison (16s)
✔ [8903/8927] Built NavierStokes.RadialPullback (19s)
✔ [8904/8928] Built NavierStokes.PhysicalCoordinateBounds (18s)
✔ [8905/8928] Built NavierStokes.OutgoingTail (19s)
✔ [8906/8928] Built NavierStokes.PressureDatum (17s)
✔ [8907/8930] Built NavierStokes.TorusAverages (17s)
✔ [8908/8930] Built NavierStokes.AxisWeightEstimates (7.6s)
✔ [8909/8943] Built NavierStokes.AnalyticPrimitive (9.1s)
✔ [8910/8943] Built NavierStokes.SmoothFamilyTorusInverse (37s)
✔ [8911/8947] Built NavierStokes.PressureStream (17s)
✔ [8912/8947] Built NavierStokes.AngularMomentReset (20s)
✔ [8913/8949] Built NavierStokes.TailEnergyBounds (14s)
✔ [8914/8955] Built NavierStokes.AxisCoefficientSpace (11s)
✔ [8915/8955] Built NavierStokes.NaturalAxisData (14s)
✔ [8916/8955] Built NavierStokes.AxisProfile (7.7s)
✔ [8917/8955] Built NavierStokes.OutgoingPulseBounds (42s)
✔ [8918/8955] Built NavierStokes.AnalyticCoefficientBounds (9.9s)
✔ [8919/8955] Built NavierStokes.IntegratedMeanBalances (13s)
✔ [8920/8955] Built NavierStokes.RadialHeatProfile (12s)
✔ [8921/8956] Built NavierStokes.EndpointExtension (6.7s)
✔ [8922/8956] Built NavierStokes.AxisEvaluation (14s)
✔ [8923/8956] Built NavierStokes.UniformFourierAlias (23s)
✔ [8924/8956] Built NavierStokes.NaturalAxisRange (14s)
✔ [8925/8959] Built NavierStokes.HeatTailEdit (14s)
✔ [8926/8959] Built NavierStokes.HeatProfileExtension (10s)
✔ [8927/8959] Built NavierStokes.UniformAngularReset (31s)
✔ [8928/8959] Built NavierStokes.SquaredPartition (18s)
✔ [8929/8959] Built NavierStokes.AxisOperators (44s)
✔ [8930/8959] Built NavierStokes.TangentProjection (13s)
✔ [8931/8959] Built NavierStokes.MeanMomentBounds (38s)
✔ [8932/8964] Built NavierStokes.AxisSeries (43s)
✔ [8933/8964] Built NavierStokes.PulseAmplitude (46s)
✔ [8934/8964] Built NavierStokes.ParametricHeatTail (28s)
✔ [8935/8964] Built NavierStokes.ReleaseMoments (15s)
✔ [8936/8965] Built NavierStokes.TemporalMeanUpdate (38s)
✔ [8937/8966] Built NavierStokes.ResetEnergyBounds (17s)
✔ [8938/8968] Built NavierStokes.AxisEvaluationAlgebra (14s)
✔ [8939/8968] Built NavierStokes.MeanIncrementBounds (38s)
✔ [8940/8968] Built NavierStokes.AxisResolvent (41s)
✔ [8941/8968] Built NavierStokes.LinearWaveResidual (32s)
✔ [8942/8979] Built NavierStokes.TangentODE (42s)
✔ [8943/8979] Built NavierStokes.CorrectedPulseAmplitude (31s)
✔ [8944/8979] Built NavierStokes.TerminalCompensation (60s)
✔ [8945/8979] Built NavierStokes.CoordinateAlgebra (7.2s)
✔ [8946/8979] Built NavierStokes.CurlGeometry (8.8s)
✔ [8947/8979] Built NavierStokes.PolarCharts (12s)
✔ [8948/8979] Built NavierStokes.ViscousPropagator (17s)
✔ [8949/8986] Built NavierStokes.GrowingMode (19s)
✔ [8950/8989] Built NavierStokes.ParametricTerminalCompensation (16s)
✔ [8951/8991] Built NavierStokes.FlatZeroExtension (12s)
✔ [8952/8993] Built NavierStokes.AxisContraction (32s)
✔ [8953/8996] Built NavierStokes.ResidualStability (65s)
✔ [8954/8996] Built NavierStokes.SimilarityProfile (12s)
✔ [8955/8997] Built NavierStokes.FiveProfileMoments (92s)
✔ [8956/8998] Built NavierStokes.ParametricODE (31s)
✔ [8957/8998] Built NavierStokes.MovingFrameODE (22s)
✔ [8958/8998] Built NavierStokes.WeightedQuotients (15s)
✔ [8959/9016] Built NavierStokes.SimilarityHomogeneity (10s)
✔ [8960/9016] Built NavierStokes.NaturalAxisBridge (18s)
✔ [8961/9016] Built NavierStokes.SmoothPathFamily (15s)
✔ [8962/9016] Built NavierStokes.SignedStressPrimitive (20s)
✔ [8963/9018] Built NavierStokes.EvenSmoothDescent (11s)
✔ [8964/9018] Built NavierStokes.CauchyRestriction (11s)
✔ [8965/9018] Built NavierStokes.PhaseEstimates (18s)
✔ [8966/9020] Built NavierStokes.CompactSmoothFamily (14s)
✔ [8967/9023] Built NavierStokes.PhysicalGraphBounds (50s)
✔ [8968/9023] Built NavierStokes.AxisReference (8.2s)
✔ [8969/9023] Built NavierStokes.JointODE (8.3s)
✔ [8970/9024] Built NavierStokes.NaturalAxisCoefficients (14s)
✔ [8971/9024] Built NavierStokes.OscillatoryCurl (40s)
✔ [8972/9027] Built NavierStokes.ParametricEvenDescent (13s)
✔ [8973/9029] Built NavierStokes.VolterraAnalyticBounds (13s)
✔ [8974/9029] Built NavierStokes.PartitionedCovariance (15s)
✔ [8975/9031] Built NavierStokes.HolomorphicFamily (16s)
✔ [8976/9031] Built NavierStokes.WeightedODEJets (23s)
✔ [8977/9031] Built NavierStokes.NaturalProfile (15s)
✔ [8978/9031] Built NavierStokes.RadialModulation (12s)
✔ [8979/9031] Built NavierStokes.GaussianTailFlat (24s)
✔ [8980/9031] Built NavierStokes.StressAlgebra (10s)
✔ [8981/9035] Built NavierStokes.LoopVariance (14s)
✔ [8982/9038] Built NavierStokes.SignedCovariance (14s)
✔ [8983/9039] Built NavierStokes.SchedulePressure (8.8s)
✔ [8984/9041] Built NavierStokes.TrueConeLoop (14s)
✔ [8985/9041] Built NavierStokes.CommonCoverSolve (23s)
✔ [8986/9041] Built NavierStokes.ProfileHistories (18s)
✔ [8987/9042] Built NavierStokes.OutgoingProfile (13s)
✔ [8988/9044] Built NavierStokes.PrimaryRepresentatives (34s)
✔ [8989/9044] Built NavierStokes.NormalScaling (8.9s)
✔ [8990/9044] Built NavierStokes.NilpotentVolterra (41s)
✔ [8991/9044] Built NavierStokes.PrimaryODE (32s)
✔ [8992/9047] Built NavierStokes.ShapeTransition (27s)
✔ [8993/9047] Built NavierStokes.ParametricModulation (18s)
✔ [8994/9047] Built NavierStokes.PhysicalWaveSum (23s)
✔ [8995/9047] Built NavierStokes.OutgoingDilation (14s)
✔ [8996/9047] Built NavierStokes.OutgoingHistories (21s)
✔ [8997/9048] Built NavierStokes.CommonCoverClass (23s)
✔ [8998/9048] Built NavierStokes.ReferencePath (18s)
✔ [8999/9048] Built NavierStokes.VolterraParity (25s)
✔ [9000/9048] Built NavierStokes.HeatedOutgoing (15s)
✔ [9001/9050] Built NavierStokes.ExtendedHeatDebts (16s)
✔ [9002/9051] Built NavierStokes.WaveEnvelopeTransport (16s)
✔ [9003/9051] Built NavierStokes.CopySolveCompatibility (15s)
✔ [9004/9051] Built NavierStokes.PhaseJetBounds (23s)
✔ [9005/9052] Built NavierStokes.ReservedPatches (11s)
✔ [9006/9054] Built NavierStokes.PrimaryCopyBridge (40s)
✔ [9007/9054] Built NavierStokes.NaturalEntrance (47s)
✔ [9008/9057] Built NavierStokes.FuturePressureBounds (12s)
✔ [9009/9057] Built NavierStokes.VolterraRegularity (14s)
✔ [9010/9058] Built NavierStokes.ExtendedHeatedOutgoing (14s)
✔ [9011/9058] Built NavierStokes.StressActivation (18s)
✔ [9012/9058] Built NavierStokes.CorrectedPressureBounds (19s)
✔ [9013/9063] Built NavierStokes.PulseLag (25s)
✔ [9014/9064] Built NavierStokes.ReferenceJetBounds (25s)
✔ [9015/9064] Built NavierStokes.CurlClassBounds (39s)
✔ [9016/9065] Built NavierStokes.ActivationBounds (25s)
✔ [9017/9065] Built NavierStokes.BoundaryAxisJets (28s)
✔ [9018/9065] Built NavierStokes.MeanRankUpdate (34s)
✔ [9019/9065] Built NavierStokes.SlowDivergence (16s)
✔ [9020/9065] Built NavierStokes.RadialFluxResidual (14s)
✔ [9021/9067] Built NavierStokes.PulseEnergyHistory (17s)
✔ [9022/9068] Built NavierStokes.EdgeWeightJets (16s)
✔ [9023/9068] Built NavierStokes.ParametricRadialExtension (10s)
✔ [9024/9069] Built NavierStokes.WaveInteractionBounds (22s)
✔ [9025/9072] Built NavierStokes.OutgoingEntranceCone (54s)
✔ [9026/9073] Built NavierStokes.CorrectionState (12s)
✔ [9027/9073] Built NavierStokes.LinearWaveBounds (20s)
✔ [9028/9073] Built NavierStokes.ActivationStocks (21s)
✔ [9029/9075] Built NavierStokes.AnnularAuxiliary (7.0s)
✔ [9030/9075] Built NavierStokes.SlowExpansionResidual (14s)
✔ [9031/9075] Built NavierStokes.ReferenceBounds (43s)
✔ [9032/9075] Built NavierStokes.PrimaryPulseBounds (43s)
✔ [9033/9075] Built NavierStokes.RenormalizedHeatMoment (17s)
✔ [9034/9075] Built NavierStokes.CopyAngularInvariance (17s)
✔ [9035/9077] Built NavierStokes.ErrorHarmonics (19s)
✔ [9036/9077] Built NavierStokes.ModulatedStockBounds (13s)
✔ [9037/9077] Built NavierStokes.HarmonicResidual (36s)
✔ [9038/9077] Built NavierStokes.LeadingStress (17s)
✔ [9039/9077] Built NavierStokes.PrimaryCovarianceBounds (22s)
✔ [9040/9079] Built NavierStokes.HeatTailHistoryLimits (16s)
✔ [9041/9081] Built NavierStokes.HarmonicCovariance (10s)
✔ [9042/9081] Built NavierStokes.ModulatedHistories (36s)
✔ [9043/9082] Built NavierStokes.TransitionRamp (38s)
✔ [9044/9083] Built NavierStokes.ActivationCone (53s)
✔ [9045/9083] Built NavierStokes.TerminalStress (16s)
✔ [9046/9083] Built NavierStokes.ShapedWaitBounds (66s)
✔ [9047/9083] Built NavierStokes.PhysicalHeatCoordinates (11s)
✔ [9048/9087] Built NavierStokes.LabelSumBounds (26s)
✔ [9049/9087] Built NavierStokes.AxisSourceRegularity (35s)
✔ [9050/9087] Built NavierStokes.DiagonalJetBounds (17s)
✔ [9051/9094] Built NavierStokes.ModulatedCone (41s)
✔ [9052/9094] Built NavierStokes.UniformPrimaryWeights (25s)
✔ [9053/9099] Built NavierStokes.ParticularWaveBounds (87s)
✔ [9054/9099] Built NavierStokes.BlowupImplication (9.5s)
✔ [9055/9100] Built NavierStokes.AxisHolomorphic (22s)
✔ [9056/9103] Built NavierStokes.ActivationContinuation (67s)
✔ [9057/9103] Built NavierStokes.SlowBorelBase (38s)
✔ [9058/9104] Built NavierStokes.BasePhaseGeometry (84s)
✔ [9059/9106] Built NavierStokes.ScaledTangentTransport (10s)
✔ [9060/9110] Built NavierStokes.PulseCone (64s)
✔ [9061/9113] Built NavierStokes.AxisHolomorphicJoint (10s)
✔ [9062/9113] Built NavierStokes.DiagonalResidual (19s)
✔ [9063/9118] Built NavierStokes.NaturalCore (13s)
✔ [9064/9123] Built NavierStokes.PositiveRepresentatives (15s)
✔ [9065/9123] Built NavierStokes.PositiveAxisSystem (103s)
✔ [9066/9123] Built NavierStokes.SignedWaveUpdate (28s)
✔ [9067/9123] Built NavierStokes.NominalProfile (33s)
✔ [9068/9123] Built NavierStokes.ActivationHolomorphic (28s)
✔ [9069/9127] Built NavierStokes.PositiveOrderMoments (24s)
✔ [9070/9127] Built NavierStokes.MeanChartCompatibility (33s)
✔ [9071/9129] Built NavierStokes.HarmonicMeanInteraction (26s)
✔ [9072/9130] Built NavierStokes.PositiveAxisExistence (27s)
✔ [9073/9130] Built NavierStokes.PhysicalMeanDomain (38s)
✔ [9074/9132] Built NavierStokes.MatchingDebtBounds (17s)
✔ [9075/9135] Built NavierStokes.SlowStressSupport (12s)
✔ [9076/9139] Built NavierStokes.TailCone (56s)
✔ [9077/9139] Built NavierStokes.HarmonicWaveInteraction (20s)
✔ [9078/9140] Built NavierStokes.PrimaryFieldAssembly (18s)
✔ [9079/9140] Built NavierStokes.ParticularWaveAssembly (36s)
✔ [9080/9140] Built NavierStokes.LiftedMeanResidual (24s)
✔ [9081/9143] Built NavierStokes.SlowRecursion (22s)
✔ [9082/9143] Built NavierStokes.DefectIncrementBounds (18s)
✔ [9083/9143] Built NavierStokes.MatchingConeBounds (28s)
✔ [9084/9143] Built NavierStokes.PrimaryMaterialDefect (16s)
✔ [9085/9143] Built NavierStokes.PrimaryResidualClass (18s)
✔ [9086/9147] Built NavierStokes.LocalSignedRequest (18s)
✔ [9087/9151] Built NavierStokes.OutgoingCone (24s)
✔ [9088/9152] Built NavierStokes.TerminalPressure (24s)
✔ [9089/9152] Built NavierStokes.ActualSlowAxis (12s)
✔ [9090/9152] Built NavierStokes.StateReindex (26s)
✔ [9091/9155] Built NavierStokes.PeriodizedWaveBounds (32s)
✔ [9092/9155] Built NavierStokes.HarmonicStructurePreservation (12s)
✔ [9093/9155] Built NavierStokes.SlowResidualMatching (24s)
✔ [9094/9155] Built NavierStokes.PhysicalResidualBridge (28s)
✔ [9095/9158] Built NavierStokes.AxisymmetricResidualGrouping (11s)
✔ [9096/9158] Built NavierStokes.TerminalEdgeFactor (27s)
✔ [9097/9158] Built NavierStokes.HeatSwitchCone (33s)
✔ [9098/9158] Built NavierStokes.UniformBlockBounds (12s)
✔ [9099/9158] Built NavierStokes.NaturalCoefficientBridge (13s)
✔ [9100/9158] Built NavierStokes.HarmonicSourceSupport (16s)
✔ [9101/9158] Built NavierStokes.AxisTailRegularity (9.3s)
✔ [9102/9158] Built NavierStokes.SignedCopyBounds (19s)
✔ [9103/9158] Built NavierStokes.LocalizedWaveBounds (29s)
✔ [9104/9158] Built NavierStokes.LocalResidualGrouping (8.6s)
✔ [9105/9158] Built NavierStokes.PhysicalResidualTZ (16s)
✔ [9106/9159] Built NavierStokes.SlowFirstOrderEdge (16s)
✔ [9107/9159] Built NavierStokes.PhysicalCurlCovariance (20s)
✔ [9108/9159] Built NavierStokes.GlobalSlowProfiles (29s)
✔ [9109/9159] Built NavierStokes.TerminalCone (17s)
✔ [9110/9159] Built NavierStokes.HeatSwitchHistoryDerivatives (10s)
✔ [9111/9159] Built NavierStokes.ActiveAnnulusWeight (22s)
✔ [9112/9166] Built NavierStokes.VariableGaugeMean (69s)
✔ [9113/9166] Built NavierStokes.LocalizedMeanInteraction (10s)
✔ [9114/9166] Built NavierStokes.ScheduledProfileChoice (6.6s)
✔ [9115/9166] Built NavierStokes.RepairConeBounds (25s)
✔ [9116/9168] Built NavierStokes.LocalizedGaussianBounds (15s)
✔ [9117/9168] Built NavierStokes.ParticularCopyBounds (28s)
✔ [9118/9169] Built NavierStokes.AssembledSlowBase (23s)
✔ [9119/9169] Built NavierStokes.UniformHarmonicInteraction (16s)
✔ [9120/9169] Built NavierStokes.TerminalHistoryBridge (23s)
✔ [9121/9169] Built NavierStokes.PhysicalParticularWave (31s)
✔ [9122/9169] Built NavierStokes.PreparedOutgoing (7.4s)
✔ [9123/9172] Built NavierStokes.LocalRankDefect (23s)
✔ [9124/9172] Built NavierStokes.LocalizedCurlRealization (9.2s)
✔ [9125/9172] Built NavierStokes.StateMomentBalances (25s)
✔ [9126/9172] Built NavierStokes.ZerothStressIdentity (9.9s)
✔ [9127/9172] Built NavierStokes.GlobalStressSupport (9.1s)
✔ [9128/9174] Built NavierStokes.NativePrincipalEquations (8.9s)
✔ [9129/9174] Built NavierStokes.MeanBoundsReindex (10s)
✔ [9130/9175] Built NavierStokes.PeriodicPhaseAssembly (16s)
✔ [9131/9175] Built NavierStokes.MovingMomentBounds (12s)
✔ [9132/9183] Built NavierStokes.RankStateBounds (12s)
✔ [9133/9195] Built NavierStokes.ActualParticularControl (29s)
✔ [9134/9201] Built NavierStokes.NominalConeAssembly (17s)
✔ [9135/9201] Built NavierStokes.ExponentLedger (6.6s)
✔ [9136/9224] Built NavierStokes.GaugeMomentBalances (14s)
✔ [9137/9224] Built NavierStokes.BaseResidual (52s)
✔ [9138/9224] Built NavierStokes.SimilarityApproach (6.1s)
✔ [9139/9228] Built NavierStokes.PhysicalResidualNaturality (27s)
✔ [9140/9228] Built NavierStokes.EndpointCoordinates (6.8s)
✔ [9141/9228] Built NavierStokes.ModulatedProfileAssembly (14s)
✔ [9142/9229] Built NavierStokes.CutStageEstimates (14s)
✔ [9143/9229] Built NavierStokes.PhysicalClassBounds (20s)
✔ [9144/9229] Built NavierStokes.GaugeAliasDecay (14s)
✔ [9145/9229] Built NavierStokes.BasePrefixIdentity (12s)
✔ [9146/9229] Built NavierStokes.BaseExterior (14s)
✔ [9147/9230] Built NavierStokes.GaugeStateCoherence (14s)
✔ [9148/9244] Built NavierStokes.MixedDiagonalSchedule (9.1s)
✔ [9149/9253] Built NavierStokes.GaugeMassPreservation (8.4s)
✔ [9150/9255] Built NavierStokes.FirstOrderBaseEdge (11s)
✔ [9151/9255] Built NavierStokes.LeadingStressWeights (11s)
✔ [9152/9258] Built NavierStokes.AxisPreservation (7.6s)
✔ [9153/9260] Built NavierStokes.SignedMeanGain (26s)
✔ [9154/9260] Built NavierStokes.MaximalLifespan (6.1s)
✔ [9155/9260] Built NavierStokes.ValidBandGluing (5.5s)
✔ [9156/9263] Built NavierStokes.PeriodicSobolev (7.1s)
✔ [9157/9265] Built NavierStokes.PhysicalCopyBounds (16s)
✔ [9158/9265] Built NavierStokes.ModeSolenoidalReindex (7.1s)
✔ [9159/9268] Built NavierStokes.PhysicalSignedWave (23s)
✔ [9160/9268] Built NavierStokes.ConstructedSlowBase (14s)
✔ [9161/9268] Built NavierStokes.BandReindexedSignedMeanGain (8.3s)
✔ [9162/9268] Built NavierStokes.SubcoverPeriodicity (9.5s)
✔ [9163/9270] Built NavierStokes.GaugeDebtIncrement (15s)
✔ [9164/9271] Built NavierStokes.ClosedNativeWaveIdentities (19s)
✔ [9165/9271] Built NavierStokes.IntervalCopyTransport (20s)
✔ [9166/9285] Built NavierStokes.ModulatedExterior (18s)
✔ [9167/9334] Built NavierStokes.EntranceAlignedBase (19s)
✔ [9168/9343] Built NavierStokes.WaveStateRegularity (16s)
✔ [9169/9343] Built NavierStokes.LocalPhysicalCopyBounds (30s)
✔ [9170/9344] Built NavierStokes.MeanStateRegularity (16s)
✔ [9171/9344] Built NavierStokes.FiniteHeadClass (8.6s)
✔ [9172/9344] Built NavierStokes.ActualPeriodizedSignedRealization (28s)
✔ [9173/9346] Built NavierStokes.BaseChartJets (25s)
✔ [9174/9346] Built NavierStokes.SignedPhysicalSumCalculus (9.2s)
✔ [9175/9346] Built NavierStokes.R3.PositiveTimeForce (8.2s)
✔ [9176/9346] Built NavierStokes.R3.CandidateBreakdown (9.3s)
✔ [9177/9346] Built NavierStokes.PositiveTimeCopyFamily (8.9s)
✔ [9178/9346] Built NavierStokes.TorusMeanRequestRebase (14s)
✔ [9179/9346] Built NavierStokes.R3.SpatialEnergyScaling (10s)
✔ [9180/9346] Built NavierStokes.GaugeExcludedBounds (16s)
✔ [9181/9348] Built NavierStokes.MeanStageRegularity (14s)
✔ [9182/9349] Built NavierStokes.GaugeRadialResidualBounds (19s)
✔ [9183/9352] Built NavierStokes.SignedCrossDefectClass (12s)
✔ [9184/9354] Built NavierStokes.R3.SpatialSupportScaling (9.2s)
✔ [9185/9354] Built NavierStokes.CartesianCopySource (33s)
✔ [9186/9354] Built NavierStokes.GenericEndpointExtension (38s)
✔ [9187/9354] Built NavierStokes.R3.ViscousEnergyBalance (11s)
✔ [9188/9355] Built NavierStokes.PhysicalMeanJetBounds (33s)
✔ [9189/9359] Built NavierStokes.R3.SpatialCauchySchwarz (10s)
✔ [9190/9359] Built NavierStokes.R3.SharpEnergyBound (9.6s)
✔ [9191/9360] Built NavierStokes.R3.ForceL2Norm (10s)
✔ [9192/9364] Built NavierStokes.PeriodicPaperSupport (9.4s)
✔ [9194/9371] Built NavierStokes.ProfileSpectralCone (24s)
✔ [9195/9371] Built NavierStokes.R3.ViscosityScaling (11s)
✔ [9196/9371] Built NavierStokes.ResidualPolarGraph (10s)
✔ [9197/9371] Built NavierStokes.R3.DelayedExtension (9.7s)
✔ [9198/9371] Built NavierStokes.R3.ParabolicSupport (9.7s)
✔ [9199/9371] Built NavierStokes.PeriodizeLatticeCover (7.3s)
✔ [9200/9371] Built NavierStokes.R3.ParabolicDefinitions (6.6s)
✔ [9201/9371] Built NavierStokes.R3.IntegratedDissipation (13s)
✔ [9202/9371] Built NavierStokes.R3.ComparatorBridge (21s)
✔ [9203/9371] Built NavierStokes.PeriodizePDE (5.3s)
✔ [9204/9371] Built NavierStokes.AlignedProfileSpectralCone (11s)
✔ [9205/9371] Built NavierStokes.PeriodicPaperScalingSupport (4.2s)
✔ [9206/9371] Built NavierStokes.PeriodicViscosityUniqueness (12s)
✔ [9207/9371] Built NavierStokes.R3.ParabolicCalculus (4.5s)
✔ [9208/9371] Built NavierStokes.R3.ParabolicEnergy (5.2s)
✔ [9209/9371] Built NavierStokes.R3.ParabolicScaling (3.6s)
✔ [9210/9371] Built NavierStokes.FinalSlowBase (5.7s)
✔ [9211/9371] Built NavierStokes.PeriodicViscosity (6.6s)
✔ [9212/9371] Built NavierStokes.GlobalBaseError (4.7s)
✔ [9213/9371] Built NavierStokes.BaseRankPatch (6.1s)
✔ [9214/9371] Built NavierStokes.PrimaryGeometryAssembly (6.3s)
✔ [9215/9371] Built NavierStokes.SlowBaseEndpoint (7.0s)
✔ [9216/9371] Built NavierStokes.BaseRadialJets (8.6s)
✔ [9217/9371] Built NavierStokes.TailGaugePotential (6.0s)
✔ [9218/9371] Built NavierStokes.AllBandBaseJets (5.8s)
✔ [9219/9371] Built NavierStokes.PrimaryTargetBounds (11s)
✔ [9220/9371] Built NavierStokes.AnnularEndpoint (5.4s)
✔ [9221/9371] Built NavierStokes.PhysicalStageBounds (7.3s)
✔ [9222/9371] Built NavierStokes.ActualBaseVelocityBounds (11s)
✔ [9223/9371] Built NavierStokes.BaseContextAssembly (12s)
✔ [9224/9371] Built NavierStokes.ActualIterationLedger (10s)
✔ [9225/9371] Built NavierStokes.OffplaneCorrectionExtensions (14s)
✔ [9226/9371] Built NavierStokes.PrimaryCopyBounds (17s)
✔ [9227/9371] Built NavierStokes.BaseStressClasses (6.2s)
✔ [9228/9371] Built NavierStokes.MixedDiagonalExtensions (5.0s)
✔ [9229/9371] Built NavierStokes.PhysicalResidualJetBounds (19s)
✔ [9230/9371] Built NavierStokes.DirectAngularDiagonal (9.8s)
✔ [9231/9371] Built NavierStokes.ValidDyadicBandCover (6.0s)
✔ [9232/9371] Built NavierStokes.CommonBaseContext (8.3s)
✔ [9233/9371] Built NavierStokes.WaveEdgeExtension (10s)
✔ [9234/9371] Built NavierStokes.ActualSignedControl (13s)
✔ [9235/9371] Built NavierStokes.MixedPeriodicAssembly (6.6s)
✔ [9236/9371] Built NavierStokes.MixedAxisPreservation (7.0s)
✔ [9237/9371] Built NavierStokes.LocalAngularDiagonal (7.3s)
✔ [9238/9371] Built NavierStokes.MixedDiagonalResidual (9.3s)
✔ [9239/9371] Built NavierStokes.CandidateConsequences (9.4s)
✔ [9240/9371] Built NavierStokes.MixedCandidateAssembly (4.6s)
✔ [9241/9371] Built NavierStokes.ActualSignedGeometry (15s)
✔ [9242/9371] Built NavierStokes.ActualBaseResidual (19s)
✔ [9243/9371] Built NavierStokes.MixedCandidateWitness (5.3s)
✔ [9244/9371] Built NavierStokes.MixedFiniteBackground (6.2s)
✔ [9245/9371] Built NavierStokes.GermCandidateAssembly (7.7s)
✔ [9246/9371] Built NavierStokes.NativeBandExtension (13s)
✔ [9247/9371] Built NavierStokes.InitializedPhysicalBackground (8.3s)
✔ [9248/9371] Built NavierStokes.ScaledActualParticularControl (16s)
✔ [9249/9371] Built NavierStokes.FlatDyadicExtension (5.3s)
✔ [9250/9371] Built NavierStokes.ActualSignedPhysicalData (20s)
✔ [9251/9371] Built NavierStokes.ScaledParticularFrameJets (6.5s)
✔ [9252/9371] Built NavierStokes.ActualGaussianCoverage (10s)
✔ [9253/9371] Built NavierStokes.CurrentPhysicalChartJets (6.5s)
✔ [9254/9371] Built NavierStokes.DependentSignedPhysicalFamily (6.6s)
✔ [9255/9371] Built NavierStokes.NativeCutoffJets (3.2s)
✔ [9256/9371] Built NavierStokes.LabelSupportPreservation (5.2s)
✔ [9257/9371] Built NavierStokes.TemporalStateCoherence (55s)
✔ [9258/9371] Built NavierStokes.ScalarParticularSupport (3.9s)
✔ [9259/9371] Built NavierStokes.RankStateCoherence (8.4s)
✔ [9260/9371] Built NavierStokes.CorrectionStep (55s)
✔ [9261/9371] Built NavierStokes.ActualCycleExcluded (6.0s)
✔ [9262/9371] Built NavierStokes.CyclePhysicalPrefixes (8.3s)
✔ [9263/9371] Built NavierStokes.GaussianErrorNaturality (9.9s)
✔ [9264/9371] Built NavierStokes.CycleStateCoherence (10s)
✔ [9265/9371] Built NavierStokes.ActualWaveRegularity (14s)
✔ [9266/9371] Built NavierStokes.CrossBasedMeanComposition (18s)
✔ [9267/9371] Built NavierStokes.ActualParticularRealization (11s)
✔ [9268/9371] Built NavierStokes.CorrectionInitialization (48s)
✔ [9269/9371] Built NavierStokes.ActualMeanPotentialRealization (11s)
✔ [9270/9371] Built NavierStokes.ActualPrimaryCoherence (23s)
✔ [9271/9371] Built NavierStokes.ActualPrimaryCovariance (24s)
✔ [9272/9371] Built NavierStokes.ActualPhaseDefect (29s)
✔ [9273/9371] Built NavierStokes.ActualInitialCoherence (5.6s)
✔ [9274/9371] Built NavierStokes.ActualInitialMeanEquation (9.0s)
✔ [9275/9371] Built NavierStokes.ActualPrimaryDynamics (13s)
✔ [9276/9371] Built NavierStokes.ActualPrimaryBounds (16s)
✔ [9277/9371] Built NavierStokes.ActualSignedDynamics (6.7s)
✔ [9278/9371] Built NavierStokes.InitialNativeRegularity (7.2s)
✔ [9279/9371] Built NavierStokes.ActualParticularBackground (8.1s)
✔ [9280/9371] Built NavierStokes.ActualInitialMean (8.7s)
✔ [9281/9371] Built NavierStokes.CycleMeanEquation (15s)
✔ [9282/9371] Built NavierStokes.ActualPhaseJetBounds (10s)
✔ [9283/9371] Built NavierStokes.ActualInitialExcluded (10s)
✔ [9284/9371] Built NavierStokes.CorrectionAnalyticStep (12s)
✔ [9285/9371] Built NavierStokes.ActualCarrierGeometry (4.5s)
✔ [9286/9371] Built NavierStokes.ActualInitialization (10s)
✔ [9287/9371] Built NavierStokes.ActualPolarCoverage (10s)
✔ [9288/9371] Built NavierStokes.ActualCarrierTransportBase (16s)
✔ [9289/9371] Built NavierStokes.ParticularPaddedBackground (16s)
✔ [9290/9371] Built NavierStokes.ActualSignedStageControls (38s)
✔ [9291/9371] Built NavierStokes.ActualCycleGeometry (11s)
✔ [9292/9371] Built NavierStokes.PhysicalStageSupport (11s)
✔ [9293/9371] Built NavierStokes.ActualCoreSupport (17s)
✔ [9294/9371] Built NavierStokes.LocalMeanPhysicalBounds (10s)
✔ [9295/9371] Built NavierStokes.ActualCycleResidualBounds (14s)
✔ [9296/9371] Built NavierStokes.ActualParticularStageControls (13s)
✔ [9297/9371] Built NavierStokes.ActualSignedCoherence (13s)
✔ [9298/9371] Built NavierStokes.ActualExteriorPrefix (7.0s)
✔ [9299/9371] Built NavierStokes.ActualCurrentCarrierJets (11s)
✔ [9300/9371] Built NavierStokes.InitialPhysicalData (44s)
✔ [9301/9371] Built NavierStokes.ActualCopySliceRegularity (15s)
✔ [9302/9371] Built NavierStokes.ActualCycleParameters (19s)
✔ [9303/9371] Built NavierStokes.ActualSignedPotentialCoherence (14s)
✔ [9304/9371] Built NavierStokes.ActualSignedGaussianCoherence (13s)
✔ [9305/9371] Built NavierStokes.ActualPhysicalPrefixFields (20s)
✔ [9306/9371] Built NavierStokes.ActualCarrierTransport (11s)
✔ [9307/9371] Built NavierStokes.ActualParticularMeanGain (11s)
✔ [9308/9371] Built NavierStokes.ActualSignedPhysicalGeometry (11s)
✔ [9309/9371] Built NavierStokes.ActualWaveRegularityData (52s)
✔ [9310/9371] Built NavierStokes.ActualParticularGaussian (60s)
✔ [9311/9371] Built NavierStokes.ActualSignedOutputBounds (12s)
✔ [9312/9371] Built NavierStokes.ActualMeanPhysicalData (68s)
✔ [9313/9371] Built NavierStokes.ActualSignedMeanBinding (38s)
✔ [9314/9371] Built NavierStokes.ActualSignedGaussian (9.2s)
✔ [9315/9371] Built NavierStokes.ActualSeedPeriodicity (7.2s)
✔ [9316/9371] Built NavierStokes.ActualIntermediateDebtBounds (23s)
✔ [9317/9371] Built NavierStokes.ActualWaveCoefficientPeriodicity (9.9s)
✔ [9318/9371] Built NavierStokes.ActualReferenceRebase (73s)
✔ [9319/9371] Built NavierStokes.ActualSignedCommonDynamics (13s)
✔ [9320/9371] Built NavierStokes.ActualCycleAssembly (31s)
✔ [9321/9371] Built NavierStokes.ActualParticularDynamics (75s)
✔ [9322/9371] Built NavierStokes.ActualCyclePeriodicity (12s)
✔ [9323/9371] Built NavierStokes.ActualPhysicalStageBounds (19s)
✔ [9324/9371] Built NavierStokes.ActualMeanStageData (21s)
✔ [9325/9371] Built NavierStokes.CurrentSignedCurl (13s)
✔ [9326/9371] Built NavierStokes.OffplaneJetExtensions (13s)
✔ [9327/9371] Built NavierStokes.ActualMeanExterior (11s)
✔ [9328/9371] Built NavierStokes.ActualParticularCoherence (46s)
✔ [9329/9371] Built NavierStokes.ActualSignedPhysicalBinding (49s)
✔ [9330/9371] Built NavierStokes.PositiveTimeSignedLocalization (5.4s)
✔ [9331/9371] Built NavierStokes.ActualSignedExterior (6.9s)
✔ [9332/9371] Built NavierStokes.ActualParticularPotentialCoherence (10s)
✔ [9333/9371] Built NavierStokes.ActualSignedUnmaskedBounds (8.4s)
✔ [9334/9371] Built NavierStokes.ActualCandidateConstruction (44s)
✔ [9335/9371] Built NavierStokes.ActualSignedNativeProfiles (4.4s)
✔ [9336/9371] Built NavierStokes.ActualSignedReferenceGeometry (4.6s)
✔ [9337/9371] Built NavierStokes.ActualCycleCoherence (18s)
✔ [9338/9371] Built NavierStokes.PositiveTimeSignedData (10s)
✔ [9339/9371] Built NavierStokes.ActualSignedUnmaskedBinding (18s)
✔ [9340/9371] Built NavierStokes.ActualSignedFamilySupport (5.1s)
✔ [9341/9371] Built NavierStokes.ActualSignedNativeBounds (20s)
✔ [9342/9371] Built NavierStokes.ActualSignedNativeRegularity (7.5s)
✔ [9343/9371] Built NavierStokes.ActualParticularCycleData (21s)
✔ [9344/9371] Built NavierStokes.ActualSignedPhysicalZeros (6.3s)
✔ [9345/9371] Built NavierStokes.ActualCurrentParticularPhysical (5.9s)
✔ [9346/9371] Built NavierStokes.CurrentParticularPhysicalCoherence (3.9s)
✔ [9347/9371] Built NavierStokes.ActualCurrentParticularAssembly (4.5s)
✔ [9348/9371] Built NavierStokes.CurrentPhysicalModeGerms (4.6s)
✔ [9349/9371] Built NavierStokes.ActualCurrentWaveSupport (6.1s)
✔ [9350/9371] Built NavierStokes.ActualCyclePreservation (12s)
✔ [9351/9371] Built NavierStokes.CurrentModeGeometry (4.6s)
✔ [9352/9371] Built NavierStokes.ActualSignedCurrentSupport (4.5s)
✔ [9353/9371] Built NavierStokes.CurrentParticularLabelBounds (5.3s)
✔ [9354/9371] Built NavierStokes.ActualValidBandWaves (5.2s)
✔ [9355/9371] Built NavierStokes.ActualStageEstimates (5.3s)
✔ [9356/9371] Built NavierStokes.ActualEndpointInputs (4.4s)
✔ [9357/9371] Built NavierStokes.ActualCurrentParticularBounds (8.6s)
✔ [9358/9371] Built NavierStokes.GermEndpointInputs (4.8s)
✔ [9359/9371] Built NavierStokes.ActualSignedPhysicalCoherence (11s)
✔ [9360/9371] Built NavierStokes.GluedStageEstimates (6.2s)
✔ [9361/9371] Built NavierStokes.ActualSignedWaveData (5.5s)
✔ [9362/9371] Built NavierStokes.ActualCandidateAssembly (9.1s)
✔ [9363/9371] Built NavierStokes.R3ActualCandidate (6.4s)
✔ [9364/9371] Built NavierStokes.R3.ActualCandidate (6.3s)
✔ [9365/9371] Built NavierStokes.R3.Theorem (6.2s)
✔ [9366/9371] Built NavierStokes.ComparatorR3Theorem (5.7s)
✔ [9367/9371] Built NavierStokes.PeriodicPaperTheorem (6.5s)
✔ [9368/9371] Built NavierStokes.PeriodicComparatorSolution (5.6s)
✔ [9369/9371] Built NavierStokes.PeriodicPaperComparator (6.4s)
✔ [9370/9371] Built NavierStokes.ComparatorTheorem (6.4s)
ℹ [9371/9371] Built NavierStokes.ComparatorSolution (6.0s)
info: NavierStokes/ComparatorSolution.lean:31:0: 'NavierStokes.Comparator.navier_stokes_breakdown_R3' depends on axioms: [propext, Classical.choice, Quot.sound]
info: NavierStokes/ComparatorSolution.lean:32:0: 'NavierStokes.Comparator.navier_stokes_breakdown_periodic' depends on axioms: [propext, Classical.choice, Quot.sound]
Build completed successfully (9371 jobs).
